// Jest Snapshot v1, https://goo.gl/fbAQLP

exports[`SubHeader component should render a SubHeader with a title 1`] = `
<WithStyles(ListSubheader)
  style={
    Object {
      "backgroundColor": "#FAFAFA",
      "flex": 1,
      "padding": 0,
    }
  }
>
  The show must go on
</WithStyles(ListSubheader)>
`;
